[2025-11-13 09:07:03 +0000] [92642] [INFO] Starting gunicorn 23.0.0
[2025-11-13 09:07:03 +0000] [92642] [INFO] Listening at: http://0.0.0.0:8000 (92642)
[2025-11-13 09:07:03 +0000] [92642] [INFO] Using worker: sync
[2025-11-13 09:07:03 +0000] [92764] [INFO] Booting worker with pid: 92764
[2025-11-13 09:07:03 +0000] [92764] [ERROR] Exception in worker process
Traceback (most recent call last):
  File "/home/jules/.pyenv/versions/3.12.12/lib/python3.12/site-packages/gunicorn/arbiter.py", line 608, in spawn_worker
    worker.init_process()
  File "/home/jules/.pyenv/versions/3.12.12/lib/python3.12/site-packages/gunicorn/workers/base.py", line 135, in init_process
    self.load_wsgi()
  File "/home/jules/.pyenv/versions/3.12.12/lib/python3.12/site-packages/gunicorn/workers/base.py", line 147, in load_wsgi
    self.wsgi = self.app.wsgi()
                ^^^^^^^^^^^^^^^
  File "/home/jules/.pyenv/versions/3.12.12/lib/python3.12/site-packages/gunicorn/app/base.py", line 66, in wsgi
    self.callable = self.load()
                    ^^^^^^^^^^^
  File "/home/jules/.pyenv/versions/3.12.12/lib/python3.12/site-packages/gunicorn/app/wsgiapp.py", line 57, in load
    return self.load_wsgiapp()
           ^^^^^^^^^^^^^^^^^^^
  File "/home/jules/.pyenv/versions/3.12.12/lib/python3.12/site-packages/gunicorn/app/wsgiapp.py", line 47, in load_wsgiapp
    return util.import_app(self.app_uri)
           ^^^^^^^^^^^^^^^^^^^^^^^^^^^^^
  File "/home/jules/.pyenv/versions/3.12.12/lib/python3.12/site-packages/gunicorn/util.py", line 370, in import_app
    mod = importlib.import_module(module)
          ^^^^^^^^^^^^^^^^^^^^^^^^^^^^^^^
  File "/home/jules/.pyenv/versions/3.12.12/lib/python3.12/importlib/__init__.py", line 90, in import_module
    return _bootstrap._gcd_import(name[level:], package, level)
           ^^^^^^^^^^^^^^^^^^^^^^^^^^^^^^^^^^^^^^^^^^^^^^^^^^^^
  File "<frozen importlib._bootstrap>", line 1387, in _gcd_import
  File "<frozen importlib._bootstrap>", line 1360, in _find_and_load
  File "<frozen importlib._bootstrap>", line 1331, in _find_and_load_unlocked
  File "<frozen importlib._bootstrap>", line 935, in _load_unlocked
  File "<frozen importlib._bootstrap_external>", line 999, in exec_module
  File "<frozen importlib._bootstrap>", line 488, in _call_with_frames_removed
  File "/app/app/__init__.py", line 3, in <module>
    from . import routes
  File "/app/app/routes.py", line 3, in <module>
    from .tasks import run_analysis_task
  File "/app/app/tasks.py", line 5, in <module>
    from .agent import IntellectAgent
  File "/app/app/agent.py", line 7, in <module>
    logging.basicConfig(
  File "/home/jules/.pyenv/versions/3.12.12/lib/python3.12/logging/__init__.py", line 2118, in basicConfig
    h = FileHandler(filename, mode,
        ^^^^^^^^^^^^^^^^^^^^^^^^^^^
  File "/home/jules/.pyenv/versions/3.12.12/lib/python3.12/logging/__init__.py", line 1231, in __init__
    StreamHandler.__init__(self, self._open())
                                 ^^^^^^^^^^^^
  File "/home/jules/.pyenv/versions/3.12.12/lib/python3.12/logging/__init__.py", line 1263, in _open
    return open_func(self.baseFilename, self.mode,
           ^^^^^^^^^^^^^^^^^^^^^^^^^^^^^^^^^^^^^^^
FileNotFoundError: [Errno 2] No such file or directory: '/app/app/logs/agent.log'
[2025-11-13 09:07:03 +0000] [92764] [INFO] Worker exiting (pid: 92764)
[2025-11-13 09:07:03 +0000] [92642] [ERROR] Worker (pid:92764) exited with code 3
[2025-11-13 09:07:03 +0000] [92642] [ERROR] Shutting down: Master
[2025-11-13 09:07:03 +0000] [92642] [ERROR] Reason: Worker failed to boot.
